Microchip MPLAB XC8 Compiler V2.40

Linker command line:

-W-3 \
  --edf=C:\Program Files\Microchip\xc8\v2.40\pic\dat\20220703182018_en.msgs \
  -cn -h+dist/default/production\Laboratorio_5.X.production.sym \
  --cmf=dist/default/production\Laboratorio_5.X.production.cmf -z -Q18F4550 \
  -oC:\Users\57313\AppData\Local\Temp\xcAs608.4 \
  -Mdist/default/production/Laboratorio_5.X.production.map \
  --md=C:\Users\57313\AppData\Local\Temp\xcAs608.dat -E1 -ver=XC8 Compiler \
  -ACODE=00h-07FFFh -ACONST=00h-07FFFh -ASMALLCONST=0800h-08FFhx120 \
  -AMEDIUMCONST=0800h-07FFFh -ACOMRAM=01h-05Fh -AABS1=00h-07FFh \
  -ABIGRAM=01h-07FFh -ARAM=060h-0FFh,0100h-01FFhx7 -ABANK0=060h-0FFh \
  -ABANK1=0100h-01FFh -ABANK2=0200h-02FFh -ABANK3=0300h-03FFh \
  -ABANK4=0400h-04FFh -ABANK5=0500h-05FFh -ABANK6=0600h-06FFh \
  -ABANK7=0700h-07FFh -ASFR=0F60h-0FFFh -ABIGSFR=0F60h-0FFFh \
  -ACONFIG=0300000h-030000Dh -AIDLOC=0200000h-0200007h \
  -AEEDATA=0F00000h-0F000FFh -peeprom_data=EEDATA \
  -preset_vec=00h,intcode=08h,intcodelo,powerup,init -pramtop=0800h \
  -psmallconst=SMALLCONST -pmediumconst=MEDIUMCONST -pconst=CONST \
  -AFARRAM=00h-00h \
  -prdata=COMRAM,nvrram=COMRAM,nvbit=COMRAM,rbss=COMRAM,rbit=COMRAM \
  -pfarbss=FARRAM,fardata=FARRAM,nvFARRAM=FARRAM \
  -pintsave_regs=BIGRAM,bigbss=BIGRAM,bigdata=BIGRAM -pbss=RAM \
  -pidata=CODE,irdata=CODE,ibigdata=CODE,ifardata=CODE -prparam=COMRAM \
  C:\Users\57313\AppData\Local\Temp\xcAs608.obj \
  dist/default/production\Laboratorio_5.X.production.obj 

Object code version is 3.11

Machine type is 18F4550



                Name                               Link     Load   Length Selector   Space Scale
C:\Users\57313\AppData\Local\Temp\xcAs608.obj
                idloc                            200000   200000        8        0       5
                config                           300000   300000        E        0       4
                init                                  E        E        4        4       0
                reset_vec                             0        0        4        0       0
dist/default/production\Laboratorio_5.X.production.obj
                intcode                               8        8        6        4       0
                idloc                            200000   200000        8        0       5
                config                           300000   300000        E        0       4
                temp                                 4D       4D        1        1       1
                smallconst                          800      800       22      400       0
                intcode_body                       1EA2     1EA2       28      411       0
                text39                             1F36     1F36       18      411       0
                text38                             1B3C     1B3C       5C      411       0
                text37                             1F78     1F78       10      411       0
                text36                             1E7A     1E7A       28      411       0
                text35                             1C38     1C38       4A      411       0
                text34                             1ECA     1ECA       26      411       0
                text33                             1F96     1F96        E      411       0
                text32                             1AD6     1AD6       66      411       0
                text31                             1C82     1C82       46      411       0
                text30                             1F64     1F64       14      411       0
                text29                             18D2     18D2       9C      411       0
                text28                             1F88     1F88        E      411       0
                text27                             1E20     1E20       30      411       0
                text26                             1F14     1F14       22      411       0
                text25                             182C     182C       A6      411       0
                text24                             1FA4     1FA4        C      411       0
                text23                             196E     196E       84      411       0
                text22                             1A66     1A66       70      411       0
                text21                             177E     177E       AE      411       0
                text20                             1D84     1D84       38      411       0
                text19                             14D2     14D2       F4      411       0
                text18                             1012     1012      1A8      411       0
                text17                             1D0A     1D0A       40      411       0
                text16                             16AC     16AC       D2      411       0
                text15                              E08      E08      20A      411       0
                text14                             1FB2     1FB2        2      411       0
                text13                             1DEE     1DEE       32      411       0
                text12                             1F4E     1F4E       16      411       0
                text11                             1B98     1B98       52      411       0
                text10                             1CC8     1CC8       42      411       0
                text9                               B34      B34      2D4      411       0
                text8                              1D4A     1D4A       3A      411       0
                text7                              1E50     1E50       2A      411       0
                text6                              15C6     15C6       E6      411       0
                text5                              1BEA     1BEA       4E      411       0
                text4                              19F2     19F2       74      411       0
                text3                              134A     134A      188      411       0
                text2                              1EF0     1EF0       24      411       0
                text1                               822      822      312      411       0
                text0                              11BA     11BA      190      411       0
                cstackCOMRAM                          1        1       42        1       1
                dataCOMRAM                           4B       4B        2        1       1
                bssCOMRAM                            43       43        8        1       1
                cinit                              1DBC     1DBC       32      411       0
                idataCOMRAM                        1FB0     1FB0        2      411       0

TOTAL           Name                               Link     Load   Length     Space
        CLASS   CODE           
                intcode                               8        8        6         0
                init                                  E        E        4         0
                reset_vec                             0        0        4         0
                intcode_body                       1EA2     1EA2       28         0
                text39                             1F36     1F36       18         0
                text38                             1B3C     1B3C       5C         0
                text37                             1F78     1F78       10         0
                text36                             1E7A     1E7A       28         0
                text35                             1C38     1C38       4A         0
                text34                             1ECA     1ECA       26         0
                text33                             1F96     1F96        E         0
                text32                             1AD6     1AD6       66         0
                text31                             1C82     1C82       46         0
                text30                             1F64     1F64       14         0
                text29                             18D2     18D2       9C         0
                text28                             1F88     1F88        E         0
                text27                             1E20     1E20       30         0
                text26                             1F14     1F14       22         0
                text25                             182C     182C       A6         0
                text24                             1FA4     1FA4        C         0
                text23                             196E     196E       84         0
                text22                             1A66     1A66       70         0
                text21                             177E     177E       AE         0
                text20                             1D84     1D84       38         0
                text19                             14D2     14D2       F4         0
                text18                             1012     1012      1A8         0
                text17                             1D0A     1D0A       40         0
                text16                             16AC     16AC       D2         0
                text15                              E08      E08      20A         0
                text14                             1FB2     1FB2        2         0
                text13                             1DEE     1DEE       32         0
                text12                             1F4E     1F4E       16         0
                text11                             1B98     1B98       52         0
                text10                             1CC8     1CC8       42         0
                text9                               B34      B34      2D4         0
                text8                              1D4A     1D4A       3A         0
                text7                              1E50     1E50       2A         0
                text6                              15C6     15C6       E6         0
                text5                              1BEA     1BEA       4E         0
                text4                              19F2     19F2       74         0
                text3                              134A     134A      188         0
                text2                              1EF0     1EF0       24         0
                text1                               822      822      312         0
                text0                              11BA     11BA      190         0
                cinit                              1DBC     1DBC       32         0
                idataCOMRAM                        1FB0     1FB0        2         0

        CLASS   CONST          

        CLASS   SMALLCONST     
                smallconst                          800      800       22         0

        CLASS   MEDIUMCONST    

        CLASS   COMRAM         
                temp                                 4D       4D        1         1
                cstackCOMRAM                          1        1       42         1
                dataCOMRAM                           4B       4B        2         1
                bssCOMRAM                            43       43        8         1

        CLASS   ABS1           

        CLASS   BIGRAM         

        CLASS   RAM            

        CLASS   BANK0          

        CLASS   BANK1          

        CLASS   BANK2          

        CLASS   BANK3          

        CLASS   BANK4          

        CLASS   BANK5          

        CLASS   BANK6          

        CLASS   BANK7          

        CLASS   SFR            

        CLASS   BIGSFR         

        CLASS   CONFIG         
                config                           300000   300000        E         4

        CLASS   IDLOC          
                idloc                            200000   200000        8         5

        CLASS   EEDATA         

        CLASS   FARRAM         

        CLASS   HEAP           

        CLASS   STACK          



SEGMENTS        Name                           Load    Length   Top    Selector   Space  Class

                reset_vec                      000000  000004  000004         0       0  CODE    
                cstackCOMRAM                   000001  00004D  00004E         1       1  COMRAM  
                intcode                        000008  00000A  000012         4       0  CODE    
                smallconst                     000800  000022  000822       400       0  SMALLCON
                text1                          000822  001792  001FB4       411       0  CODE    


UNUSED ADDRESS RANGES

        Name                Unused          Largest block    Delta
        BANK0            000060-0000FF               A0
        BANK1            000100-0001FF              100
        BANK2            000200-0002FF              100
        BANK3            000300-0003FF              100
        BANK4            000400-0004FF              100
        BANK5            000500-0005FF              100
        BANK6            000600-0006FF              100
        BANK7            000700-0007FF              100
        BIGRAM           00004E-0007FF              7B2
        BIGSFR           000F60-000FFF               A0
        CODE             000004-000007                4
                         000012-0007FF              7EE
                         001FB4-007FFF             604C
        COMRAM           00004E-00005F               12
        CONST            000004-000007                4
                         000012-0007FF              7EE
                         001FB4-007FFF             604C
        EEDATA           F00000-F000FF              100
        MEDIUMCONST      001FB4-007FFF             604C
        RAM              000060-0007FF              100
        SFR              000F60-000FFF               A0
        SMALLCONST       001FB4-007FFF              100

                                  Symbol Table

?_Conversion                cstackCOMRAM 000001
?_LeerHT11                  cstackCOMRAM 000005
?___awdiv                   cstackCOMRAM 000007
?___awmod                   cstackCOMRAM 000001
?___awtoft                  cstackCOMRAM 000009
?___ftadd                   cstackCOMRAM 00001C
?___ftmul                   cstackCOMRAM 00000D
?___ftpack                  cstackCOMRAM 000001
?___ftsub                   cstackCOMRAM 000028
?___fttol                   cstackCOMRAM 00001C
?___lbtoft                  cstackCOMRAM 000009
?___lwdiv                   cstackCOMRAM 000006
?___lwmod                   cstackCOMRAM 000001
?_strlen                    cstackCOMRAM 000001
ComandoLCD@a                cstackCOMRAM 000005
ConfiguraLCD@a              cstackCOMRAM 000001
ConmutarLED@Valor           cstackCOMRAM 000001
EnviaDato@a                 cstackCOMRAM 000004
EnviarMedicion@Decimales    cstackCOMRAM 000036
EnviarMedicion@Humedad      cstackCOMRAM 000031
EnviarMedicion@TempUnity    cstackCOMRAM 000032
EnviarMedicion@Temperatura  cstackCOMRAM 00002E
EnviarMedicion@ValorF       cstackCOMRAM 000038
EnviarMedicion@decimal      cstackCOMRAM 000033
EscribeLCD_c@a              cstackCOMRAM 000005
EscribeLCD_n16@a            cstackCOMRAM 00000D
EscribeLCD_n16@b            cstackCOMRAM 00000F
EscribeLCD_n16@centena      cstackCOMRAM 000012
EscribeLCD_n16@decena       cstackCOMRAM 000014
EscribeLCD_n16@millar       cstackCOMRAM 000010
EscribeLCD_n16@unidad       cstackCOMRAM 000015
EscribeLCD_n8@a             cstackCOMRAM 000013
EscribeLCD_n8@b             cstackCOMRAM 00000F
EscribeLCD_n8@centena       cstackCOMRAM 000010
EscribeLCD_n8@decena        cstackCOMRAM 000011
EscribeLCD_n8@unidad        cstackCOMRAM 000012
Existe_en_Arreglo@Arreglo   cstackCOMRAM 000004
Existe_en_Arreglo@Contenido cstackCOMRAM 000007
Existe_en_Arreglo@Elemento  cstackCOMRAM 000006
Existe_en_Arreglo@i         cstackCOMRAM 000008
GuardarEEPROM@data          cstackCOMRAM 000003
GuardarEEPROM@dir           cstackCOMRAM 000001
Imprimir@Decimales          cstackCOMRAM 000038
Imprimir@Humedad            cstackCOMRAM 000031
Imprimir@TempUnity          cstackCOMRAM 000032
Imprimir@Temperatura        cstackCOMRAM 00002E
Imprimir@ValorF             cstackCOMRAM 000036
Imprimir@decimal            cstackCOMRAM 000033
LeerBit@res                 cstackCOMRAM 000001
LeerByte@i                  cstackCOMRAM 000004
LeerByte@res                cstackCOMRAM 000003
LeerEEPROM@dir              cstackCOMRAM 000001
LeerHT11@Retornar           cstackCOMRAM 000009
LeerHT11@contr              cstackCOMRAM 000008
MensajeLCD_Var@a            cstackCOMRAM 000006
MensajeLCD_Var@actual       cstackCOMRAM 00000A
MensajeLCD_Var@i            cstackCOMRAM 00000B
MensajeLCD_Var@longitud     cstackCOMRAM 000008
RetardoLCD@a                cstackCOMRAM 000002
Subrutina_Main@Unidad       cstackCOMRAM 00003A
Transmitir@BufferT          cstackCOMRAM 000001
_ADCON0                     (abs)        000FC2
_ADCON1                     (abs)        000FC1
_ADCON2                     (abs)        000FC0
_ADRES                      (abs)        000FC3
_BAUDCON                    (abs)        000FB8
_BorraLCD                   text30       001F64
_CFGS                       (abs)        007D36
_Che                        bssCOMRAM    000048
_ComandoLCD                 text13       001DEE
_ConfiguraLCD               text39       001F36
_ConmutarLED                text38       001B3C
_Conversion                 text37       001F78
_CursorAInicio              text14       001FB2
_DatoGuardado               bssCOMRAM    000047
_EEADR                      (abs)        000FA9
_EECON2                     (abs)        000FA7
_EEDATA                     (abs)        000FA8
_EEIF                       (abs)        007D0C
_EEPGD                      (abs)        007D37
_EnviaDato                  text31       001C82
_EnviarMedicion             text15       000E08
_EscribeLCD_c               text12       001F4E
_EscribeLCD_n16             text9        000B34
_EscribeLCD_n8              text6        0015C6
_Existe_en_Arreglo          text35       001C38
_GIE                        (abs)        007F97
_GO                         (abs)        007E11
_GuardarEEPROM              text34       001ECA
_HabilitaLCD                text33       001F96
_Hum                        bssCOMRAM    000049
_IPEN                       (abs)        007E87
_Imprimir                   text3        00134A
_InicializaLCD              text29       0018D2
_LATA                       (abs)        000F89
_LATA4                      (abs)        007C4C
_LATA5                      (abs)        007C4D
_LATC2                      (abs)        007C5A
_LATD                       (abs)        000F8C
_LATD0                      (abs)        007C60
_LATD1                      (abs)        007C61
_LATE                       (abs)        000F8D
_LeerBit                    text27       001E20
_LeerByte                   text26       001F14
_LeerEEPROM                 text28       001F88
_LeerHT11                   text25       00182C
_MensajeLCD_Var             text5        001BEA
_OSCCON                     (abs)        000FD3
_PEIE                       (abs)        007F96
_PORTA                      (abs)        000F80
_Potenciometro              bssCOMRAM    000043
_RA3                        (abs)        007C03
_RC0                        (abs)        007C10
_RCIE                       (abs)        007CED
_RCIF                       (abs)        007CF5
_RCREG                      (abs)        000FAE
_RCSTA                      (abs)        000FAB
_RD                         (abs)        007D30
_Recepcion_TMR              intcode      000008
_RetardoLCD                 text32       001AD6
_SPBRG                      (abs)        000FAF
_Subrutina_Main             text1        000822
_Subrutina_Main$947         cstackCOMRAM 00003B
_Subrutina_Main$948         cstackCOMRAM 00003E
_T0CON                      (abs)        000FD5
_TMR0                       (abs)        000FD6
_TMR0IE                     (abs)        007F95
_TMR0IF                     (abs)        007F92
_TMR0ON                     (abs)        007EAF
_TRISA                      (abs)        000F92
_TRISC0                     (abs)        007CA0
_TRISC2                     (abs)        007CA2
_TRISD                      (abs)        000F95
_TRISE                      (abs)        000F96
_TRMT                       (abs)        007D61
_TXREG                      (abs)        000FAD
_TXSTA                      (abs)        000FAC
_Temp                       bssCOMRAM    00004A
_Transmitir                 text24       001FA4
_UnitTemp                   dataCOMRAM   00004B
_Valores                    bssCOMRAM    000045
_WR                         (abs)        007D31
_WREN                       (abs)        007D32
__HRAM                      (abs)        000000
__Habs1                     abs1         000000
__Hbank0                    bank0        000000
__Hbank1                    bank1        000000
__Hbank2                    bank2        000000
__Hbank3                    bank3        000000
__Hbank4                    bank4        000000
__Hbank5                    bank5        000000
__Hbank6                    bank6        000000
__Hbank7                    bank7        000000
__Hbigbss                   bigbss       000000
__Hbigdata                  bigdata      000000
__Hbigram                   bigram       000000
__Hbigsfr                   bigsfr       000000
__Hbss                      bss          000000
__HbssCOMRAM                bssCOMRAM    000000
__Hcinit                    cinit        000000
__Hclrtext                  clrtext      000000
__Hcomram                   comram       000000
__Hconfig                   config       30000E
__Hconst                    const        000000
__HcstackCOMRAM             cstackCOMRAM 000000
__Hdata                     data         000000
__HdataCOMRAM               dataCOMRAM   000000
__Heeprom_data              eeprom_data  000000
__Hfarbss                   farbss       000000
__Hfardata                  fardata      000000
__Hheap                     heap         000000
__Hibigdata                 ibigdata     000000
__Hidata                    idata        000000
__HidataCOMRAM              idataCOMRAM  000000
__Hidloc                    idloc        200008
__Hifardata                 ifardata     000000
__Hinit                     init         000012
__Hintcode                  intcode      00000E
__Hintcode_body             intcode_body 000000
__Hintcodelo                intcodelo    00000E
__Hintentry                 intentry     000000
__Hintret                   intret       000000
__Hintsave_regs             intsave_regs 000000
__Hirdata                   irdata       000000
__Hmediumconst              mediumconst  000000
__HnvFARRAM                 nvFARRAM     000000
__Hnvbit                    nvbit        000000
__Hnvrram                   nvrram       000000
__Hparam                    rparam       000000
__Hpowerup                  powerup      00000E
__Hram                      ram          000000
__Hramtop                   ramtop       000800
__Hrbit                     rbit         000000
__Hrbss                     rbss         000000
__Hrdata                    rdata        000000
__Hreset_vec                reset_vec    000004
__Hrparam                   rparam       000000
__Hsfr                      sfr          000000
__Hsmallconst               smallconst   000822
__Hspace_0                  (abs)        001FB4
__Hspace_1                  (abs)        00004E
__Hspace_2                  (abs)        000000
__Hspace_4                  (abs)        60000E
__Hstack                    stack        000000
__Hstruct                   struct       000000
__Htemp                     temp         00004E
__Htext                     text         000000
__Htext0                    text0        000000
__Htext1                    text1        000000
__Htext10                   text10       000000
__Htext11                   text11       000000
__Htext12                   text12       000000
__Htext13                   text13       000000
__Htext14                   text14       000000
__Htext15                   text15       000000
__Htext16                   text16       000000
__Htext17                   text17       000000
__Htext18                   text18       000000
__Htext19                   text19       000000
__Htext2                    text2        000000
__Htext20                   text20       000000
__Htext21                   text21       000000
__Htext22                   text22       000000
__Htext23                   text23       000000
__Htext24                   text24       000000
__Htext25                   text25       000000
__Htext26                   text26       000000
__Htext27                   text27       000000
__Htext28                   text28       000000
__Htext29                   text29       000000
__Htext3                    text3        000000
__Htext30                   text30       000000
__Htext31                   text31       000000
__Htext32                   text32       000000
__Htext33                   text33       000000
__Htext34                   text34       000000
__Htext35                   text35       000000
__Htext36                   text36       000000
__Htext37                   text37       000000
__Htext38                   text38       000000
__Htext39                   text39       000000
__Htext4                    text4        000000
__Htext5                    text5        000000
__Htext6                    text6        000000
__Htext7                    text7        000000
__Htext8                    text8        000000
__Htext9                    text9        000000
__LRAM                      (abs)        000001
__Labs1                     abs1         000000
__Lbank0                    bank0        000000
__Lbank1                    bank1        000000
__Lbank2                    bank2        000000
__Lbank3                    bank3        000000
__Lbank4                    bank4        000000
__Lbank5                    bank5        000000
__Lbank6                    bank6        000000
__Lbank7                    bank7        000000
__Lbigbss                   bigbss       000000
__Lbigdata                  bigdata      000000
__Lbigram                   bigram       000000
__Lbigsfr                   bigsfr       000000
__Lbss                      bss          000000
__LbssCOMRAM                bssCOMRAM    000000
__Lcinit                    cinit        000000
__Lclrtext                  clrtext      000000
__Lcomram                   comram       000000
__Lconfig                   config       000000
__Lconst                    const        000000
__LcstackCOMRAM             cstackCOMRAM 000000
__Ldata                     data         000000
__LdataCOMRAM               dataCOMRAM   000000
__Leeprom_data              eeprom_data  000000
__Lfarbss                   farbss       000000
__Lfardata                  fardata      000000
__Lheap                     heap         000000
__Libigdata                 ibigdata     000000
__Lidata                    idata        000000
__LidataCOMRAM              idataCOMRAM  000000
__Lidloc                    idloc        000000
__Lifardata                 ifardata     000000
__Linit                     init         00000E
__Lintcode                  intcode      000008
__Lintcode_body             intcode_body 000000
__Lintcodelo                intcodelo    00000E
__Lintentry                 intentry     000000
__Lintret                   intret       000000
__Lintsave_regs             intsave_regs 000000
__Lirdata                   irdata       000000
__Lmediumconst              mediumconst  000000
__LnvFARRAM                 nvFARRAM     000000
__Lnvbit                    nvbit        000000
__Lnvrram                   nvrram       000000
__Lparam                    rparam       000000
__Lpowerup                  powerup      00000E
__Lram                      ram          000000
__Lramtop                   ramtop       000800
__Lrbit                     rbit         000000
__Lrbss                     rbss         000000
__Lrdata                    rdata        000000
__Lreset_vec                reset_vec    000000
__Lrparam                   rparam       000000
__Lsfr                      sfr          000000
__Lsmallconst               smallconst   000800
__Lspace_0                  (abs)        000000
__Lspace_1                  (abs)        000000
__Lspace_2                  (abs)        000000
__Lspace_4                  (abs)        000000
__Lstack                    stack        000000
__Lstruct                   struct       000000
__Ltemp                     temp         00004D
__Ltext                     text         000000
__Ltext0                    text0        000000
__Ltext1                    text1        000000
__Ltext10                   text10       000000
__Ltext11                   text11       000000
__Ltext12                   text12       000000
__Ltext13                   text13       000000
__Ltext14                   text14       000000
__Ltext15                   text15       000000
__Ltext16                   text16       000000
__Ltext17                   text17       000000
__Ltext18                   text18       000000
__Ltext19                   text19       000000
__Ltext2                    text2        000000
__Ltext20                   text20       000000
__Ltext21                   text21       000000
__Ltext22                   text22       000000
__Ltext23                   text23       000000
__Ltext24                   text24       000000
__Ltext25                   text25       000000
__Ltext26                   text26       000000
__Ltext27                   text27       000000
__Ltext28                   text28       000000
__Ltext29                   text29       000000
__Ltext3                    text3        000000
__Ltext30                   text30       000000
__Ltext31                   text31       000000
__Ltext32                   text32       000000
__Ltext33                   text33       000000
__Ltext34                   text34       000000
__Ltext35                   text35       000000
__Ltext36                   text36       000000
__Ltext37                   text37       000000
__Ltext38                   text38       000000
__Ltext39                   text39       000000
__Ltext4                    text4        000000
__Ltext5                    text5        000000
__Ltext6                    text6        000000
__Ltext7                    text7        000000
__Ltext8                    text8        000000
__Ltext9                    text9        000000
__S0                        (abs)        001FB4
__S1                        (abs)        00004E
__S4                        (abs)        000000
__S5                        (abs)        000000
___awdiv                    text23       00196E
___awdiv@counter            cstackCOMRAM 00000B
___awdiv@dividend           cstackCOMRAM 000007
___awdiv@divisor            cstackCOMRAM 000009
___awdiv@quotient           cstackCOMRAM 00000D
___awdiv@sign               cstackCOMRAM 00000C
___awmod                    text22       001A66
___awmod@counter            cstackCOMRAM 000005
___awmod@dividend           cstackCOMRAM 000001
___awmod@divisor            cstackCOMRAM 000003
___awmod@sign               cstackCOMRAM 000006
___awtoft                   text20       001D84
___awtoft@c                 cstackCOMRAM 000009
___awtoft@sign              cstackCOMRAM 00000C
___ftadd                    text18       001012
___ftadd@exp1               cstackCOMRAM 000027
___ftadd@exp2               cstackCOMRAM 000026
___ftadd@f1                 cstackCOMRAM 00001C
___ftadd@f2                 cstackCOMRAM 00001F
___ftadd@sign               cstackCOMRAM 000025
___ftge                     text4        0019F2
___ftge@ff1                 cstackCOMRAM 000001
___ftge@ff2                 cstackCOMRAM 000004
___ftmul                    text19       0014D2
___ftmul@cntr               cstackCOMRAM 00001A
___ftmul@exp                cstackCOMRAM 000016
___ftmul@f1                 cstackCOMRAM 00000D
___ftmul@f2                 cstackCOMRAM 000010
___ftmul@f3_as_product      cstackCOMRAM 000017
___ftmul@sign               cstackCOMRAM 00001B
___ftpack                   text21       00177E
___ftpack@arg               cstackCOMRAM 000001
___ftpack@exp               cstackCOMRAM 000004
___ftpack@sign              cstackCOMRAM 000005
___ftsub                    text17       001D0A
___ftsub@f1                 cstackCOMRAM 000028
___ftsub@f2                 cstackCOMRAM 00002B
___fttol                    text16       0016AC
___fttol@exp1               cstackCOMRAM 00002A
___fttol@f1                 cstackCOMRAM 00001C
___fttol@lval               cstackCOMRAM 000026
___fttol@sign1              cstackCOMRAM 000025
___heap_hi                  (abs)        000000
___heap_lo                  (abs)        000000
___inthi_sp                 stack        000000
___intlo_sp                 stack        000000
___lbdiv                    text8        001D4A
___lbdiv@counter            cstackCOMRAM 000007
___lbdiv@dividend           cstackCOMRAM 000006
___lbdiv@divisor            cstackCOMRAM 000005
___lbdiv@quotient           cstackCOMRAM 000008
___lbmod                    text7        001E50
___lbmod@counter            cstackCOMRAM 000003
___lbmod@dividend           cstackCOMRAM 000002
___lbmod@divisor            cstackCOMRAM 000001
___lbmod@rem                cstackCOMRAM 000004
___lbtoft                   text2        001EF0
___lbtoft@c                 cstackCOMRAM 00000C
___lwdiv                    text11       001B98
___lwdiv@counter            cstackCOMRAM 00000C
___lwdiv@dividend           cstackCOMRAM 000006
___lwdiv@divisor            cstackCOMRAM 000008
___lwdiv@quotient           cstackCOMRAM 00000A
___lwmod                    text10       001CC8
___lwmod@counter            cstackCOMRAM 000005
___lwmod@dividend           cstackCOMRAM 000001
___lwmod@divisor            cstackCOMRAM 000003
___param_bank               (abs)        000000
___rparam_used              (abs)        000001
___sp                       stack        000000
__accesstop                 (abs)        000060
__activetblptr              (abs)        000002
__end_of_BorraLCD           text30       001F78
__end_of_ComandoLCD         text13       001E20
__end_of_ConfiguraLCD       text39       001F4E
__end_of_ConmutarLED        text38       001B98
__end_of_Conversion         text37       001F88
__end_of_CursorAInicio      text14       001FB4
__end_of_EnviaDato          text31       001CC8
__end_of_EnviarMedicion     text15       001012
__end_of_EscribeLCD_c       text12       001F64
__end_of_EscribeLCD_n16     text9        000E08
__end_of_EscribeLCD_n8      text6        0016AC
__end_of_Existe_en_Arreglo  text35       001C82
__end_of_GuardarEEPROM      text34       001EF0
__end_of_HabilitaLCD        text33       001FA4
__end_of_Imprimir           text3        0014D2
__end_of_InicializaLCD      text29       00196E
__end_of_LeerBit            text27       001E50
__end_of_LeerByte           text26       001F36
__end_of_LeerEEPROM         text28       001F96
__end_of_LeerHT11           text25       0018D2
__end_of_MensajeLCD_Var     text5        001C38
__end_of_Recepcion_TMR      intcode_body 001ECA
__end_of_RetardoLCD         text32       001B3C
__end_of_Subrutina_Main     text1        000B34
__end_of_Transmitir         text24       001FB0
__end_of___awdiv            text23       0019F2
__end_of___awmod            text22       001AD6
__end_of___awtoft           text20       001DBC
__end_of___ftadd            text18       0011BA
__end_of___ftge             text4        001A66
__end_of___ftmul            text19       0015C6
__end_of___ftpack           text21       00182C
__end_of___ftsub            text17       001D4A
__end_of___fttol            text16       00177E
__end_of___lbdiv            text8        001D84
__end_of___lbmod            text7        001E7A
__end_of___lbtoft           text2        001F14
__end_of___lwdiv            text11       001BEA
__end_of___lwmod            text10       001D0A
__end_of__initialization    cinit        001DE0
__end_of_main               text0        00134A
__end_of_strlen             text36       001EA2
__initialization            cinit        001DBC
__mediumconst               mediumconst  000000
__pbssCOMRAM                bssCOMRAM    000043
__pcinit                    cinit        001DBC
__pcstackCOMRAM             cstackCOMRAM 000001
__pdataCOMRAM               dataCOMRAM   00004B
__pidataCOMRAM              idataCOMRAM  001FB0
__pintcode                  intcode      000008
__pintcode_body             intcode_body 001EA2
__psmallconst               smallconst   000800
__ptext0                    text0        0011BA
__ptext1                    text1        000822
__ptext10                   text10       001CC8
__ptext11                   text11       001B98
__ptext12                   text12       001F4E
__ptext13                   text13       001DEE
__ptext14                   text14       001FB2
__ptext15                   text15       000E08
__ptext16                   text16       0016AC
__ptext17                   text17       001D0A
__ptext18                   text18       001012
__ptext19                   text19       0014D2
__ptext2                    text2        001EF0
__ptext20                   text20       001D84
__ptext21                   text21       00177E
__ptext22                   text22       001A66
__ptext23                   text23       00196E
__ptext24                   text24       001FA4
__ptext25                   text25       00182C
__ptext26                   text26       001F14
__ptext27                   text27       001E20
__ptext28                   text28       001F88
__ptext29                   text29       0018D2
__ptext3                    text3        00134A
__ptext30                   text30       001F64
__ptext31                   text31       001C82
__ptext32                   text32       001AD6
__ptext33                   text33       001F96
__ptext34                   text34       001ECA
__ptext35                   text35       001C38
__ptext36                   text36       001E7A
__ptext37                   text37       001F78
__ptext38                   text38       001B3C
__ptext39                   text39       001F36
__ptext4                    text4        0019F2
__ptext5                    text5        001BEA
__ptext6                    text6        0015C6
__ptext7                    text7        001E50
__ptext8                    text8        001D4A
__ptext9                    text9        000B34
__ramtop                    ramtop       000800
__smallconst                smallconst   000800
_interfaz                   dataCOMRAM   00004C
_main                       text0        0011BA
_strlen                     text36       001E7A
btemp                       temp         00004D
end_of_initialization       cinit        001DE0
int$flags                   temp         00004D
int_func                    intcode_body 001EA2
intlevel0                   text         000000
intlevel1                   text         000000
intlevel2                   text         000000
intlevel3                   text         000000
isa$std                     (abs)        000001
isa$xinst                   (abs)        000000
stackhi                     (abs)        000000
stacklo                     (abs)        000000
start                       init         00000E
start_initialization        cinit        001DBC
strlen@cp                   cstackCOMRAM 000003
strlen@s                    cstackCOMRAM 000001
ttemp5                      temp         00004E
ttemp6                      temp         000051
ttemp7                      temp         000055
wtemp8                      temp         00004E


MODULE INFORMATION

Module		Function		Class		Link	Load	Size
Laboratorio_5.c
		_Subrutina_Main		CODE           	0822	0000	786
		_ConmutarLED   		CODE           	1B3C	0000	92
		_Existe_en_Arreglo		CODE           	1C38	0000	74
		_main          		CODE           	11BA	0000	400
		_GuardarEEPROM 		CODE           	1ECA	0000	38
		_EnviarMedicion		CODE           	0E08	0000	522
		_Transmitir    		CODE           	1FA4	0000	12
		_Imprimir      		CODE           	134A	0000	392
		_Recepcion_TMR 		CODE           	0008	0000	46
		_Conversion    		CODE           	1F78	0000	16
		_LeerEEPROM    		CODE           	1F88	0000	14

Laboratorio_5.c estimated size: 2392

C:\Program Files\Microchip\xc8\v2.40\pic\sources\c90\common\strlen.c
		_strlen        		CODE           	1E7A	0000	40

C:\Program Files\Microchip\xc8\v2.40\pic\sources\c90\common\strlen.c estimated size: 40

C:\Program Files\Microchip\xc8\v2.40\pic\sources\c90\common\awtoft.c
		___awtoft      		CODE           	1D84	0000	56

C:\Program Files\Microchip\xc8\v2.40\pic\sources\c90\common\awtoft.c estimated size: 56

C:\Program Files\Microchip\xc8\v2.40\pic\sources\c90\common\lbtoft.c
		___lbtoft      		CODE           	1EF0	0000	36

C:\Program Files\Microchip\xc8\v2.40\pic\sources\c90\common\lbtoft.c estimated size: 36

C:\Program Files\Microchip\xc8\v2.40\pic\sources\c90\common\ftge.c
		___ftge        		CODE           	19F2	0000	116

C:\Program Files\Microchip\xc8\v2.40\pic\sources\c90\common\ftge.c estimated size: 116

C:\Program Files\Microchip\xc8\v2.40\pic\sources\c90\common\fttol.c
		___fttol       		CODE           	16AC	0000	210

C:\Program Files\Microchip\xc8\v2.40\pic\sources\c90\common\fttol.c estimated size: 210

LibDHT11.h
		_LeerHT11      		CODE           	182C	0000	166
		_LeerBit       		CODE           	1E20	0000	48
		_LeerByte      		CODE           	1F14	0000	34

LibDHT11.h estimated size: 248

LibLCDXC8.h
		_InicializaLCD 		CODE           	18D2	0000	156
		_EnviaDato     		CODE           	1C82	0000	70
		_CursorAInicio 		CODE           	1FB2	0000	2
		_MensajeLCD_Var		CODE           	1BEA	0000	78
		_EscribeLCD_c  		CODE           	1F4E	0000	22
		_HabilitaLCD   		CODE           	1F96	0000	14
		_EscribeLCD_n8 		CODE           	15C6	0000	230
		_ConfiguraLCD  		CODE           	1F36	0000	24
		_EscribeLCD_n16		CODE           	0B34	0000	724
		_BorraLCD      		CODE           	1F64	0000	20
		_RetardoLCD    		CODE           	1AD6	0000	102
		_ComandoLCD    		CODE           	1DEE	0000	50

LibLCDXC8.h estimated size: 1492

C:\Program Files\Microchip\xc8\v2.40\pic\sources\c90\common\awdiv.c
		___awdiv       		CODE           	196E	0000	132

C:\Program Files\Microchip\xc8\v2.40\pic\sources\c90\common\awdiv.c estimated size: 132

C:\Program Files\Microchip\xc8\v2.40\pic\sources\c90\common\lbmod.c
		___lbmod       		CODE           	1E50	0000	42

C:\Program Files\Microchip\xc8\v2.40\pic\sources\c90\common\lbmod.c estimated size: 42

C:\Program Files\Microchip\xc8\v2.40\pic\sources\c90\common\ftadd.c
		___ftadd       		CODE           	1012	0000	424

C:\Program Files\Microchip\xc8\v2.40\pic\sources\c90\common\ftadd.c estimated size: 424

C:\Program Files\Microchip\xc8\v2.40\pic\sources\c90\common\ftsub.c
		___ftsub       		CODE           	1D0A	0000	64

C:\Program Files\Microchip\xc8\v2.40\pic\sources\c90\common\ftsub.c estimated size: 64

C:\Program Files\Microchip\xc8\v2.40\pic\sources\c90\common\float.c
		___ftpack      		CODE           	177E	0000	174

C:\Program Files\Microchip\xc8\v2.40\pic\sources\c90\common\float.c estimated size: 174

C:\Program Files\Microchip\xc8\v2.40\pic\sources\c90\common\lbdiv.c
		___lbdiv       		CODE           	1D4A	0000	58

C:\Program Files\Microchip\xc8\v2.40\pic\sources\c90\common\lbdiv.c estimated size: 58

C:\Program Files\Microchip\xc8\v2.40\pic\sources\c90\common\lwmod.c
		___lwmod       		CODE           	1CC8	0000	66

C:\Program Files\Microchip\xc8\v2.40\pic\sources\c90\common\lwmod.c estimated size: 66

shared
		__initialization		CODE           	1DBC	0000	36

shared estimated size: 36

C:\Program Files\Microchip\xc8\v2.40\pic\sources\c90\common\ftmul.c
		___ftmul       		CODE           	14D2	0000	244

C:\Program Files\Microchip\xc8\v2.40\pic\sources\c90\common\ftmul.c estimated size: 244

C:\Program Files\Microchip\xc8\v2.40\pic\sources\c90\common\awmod.c
		___awmod       		CODE           	1A66	0000	112

C:\Program Files\Microchip\xc8\v2.40\pic\sources\c90\common\awmod.c estimated size: 112

C:\Program Files\Microchip\xc8\v2.40\pic\sources\c90\common\lwdiv.c
		___lwdiv       		CODE           	1B98	0000	82

C:\Program Files\Microchip\xc8\v2.40\pic\sources\c90\common\lwdiv.c estimated size: 82

